should match snapshot of default values:
  1: |
    apiVersion: v1
    data:
      N8N_ENCRYPTION_KEY: bXktc2VjcmV0LWtleQ==
    kind: Secret
    metadata:
      annotations:
        helm.sh/hook: pre-install
        helm.sh/hook-delete-policy: before-hook-creation
      labels:
        app: n8n
        chart: n8n-1.0.0
        heritage: Helm
        release: n8n
      name: n8n-encryption-key-secret
      namespace: n8n
    type: Opaque
